3014
3
14
4
3
10
1
5
7
20
1
3
3
99
2
99
0
30
4
30
1
10
1
5
7
20
1
3
3
20
3
9
3
10
1
7
7
10
1
2
7
10
1
5
7
20
1
1
3
30
1
1
1
10
1
5
7
10
1
1
5
20
1
1
10
1
1
5
20
1
1
10
1
1
7
1
1
0
10
1
1
5
20
2
0
10
1
1
5
20
2
0
10
1
1
5
20
1
1
10
1
1
2
1
1
0
30
1
1
1
20
1
0
99
2
4
0
0
0
0
20
3
3
0
0
0
0
2
10
1
6
7
20
6
20
3
40
6
40
0
30
1
1
1
20
1
1
3
10
1
1
6
40
1
2
20
4
6
0
0
0
0
40
4
6
0
0
0
0
why 10: v5, because 20 requires >= 5
  1 bound agreed; 1 other bound did not decide the answer
why 10: v5, because 20 requires >= 5
  1 bound agreed; 1 other bound did not decide the answer
why 10: v7, because the root package requires >= 7
  1 bound agreed; 0 other bounds did not decide the answer
why 10: v5, because 20 requires >= 5
  2 bounds agreed; 0 other bounds did not decide the answer
why 10: v5, because 20 requires >= 5
  2 bounds agreed; 0 other bounds did not decide the answer
why 10: v5, because 20 requires >= 5
  1 bound agreed; 1 other bound did not decide the answer
why 10: v2, because the root package requires >= 2
  1 bound agreed; 0 other bounds did not decide the answer
why 30: v1, because 20 requires >= 1
  1 bound agreed; 0 other bounds did not decide the answer
why 99: nothing requires it, so there is nothing to explain
  no requirement names it, so there is no bound to list
why 20: required above everything published, so there is nothing to explain
  nothing was selected, so no bound decided anything
why 10: v6, because 40 requires >= 6
  1 bound agreed; 2 other bounds did not decide the answer
why 20: a workspace member, so there is nothing to fetch
  a member has no version to select, and its own requirements still join the set
why 40: a workspace member, so there is nothing to fetch
  a member has no version to select, and its own requirements still join the set
99
3
2
0
0
0
0
why 99: nobody publishes it, so there is nothing to explain
  nothing was selected, so no bound decided anything
-- lock --
10
1
6
20
6
20
30
1
1
40
6
40
-- end lock --
